[INFO] Scanning for projects...
[INFO] 
[INFO] --------------< co.uk.clarebrunton:clare-ceremonies-site >--------------
[INFO] Building ClareCeremoniesSite 0.0.1-SNAPSHOT
[INFO]   from pom.xml
[INFO] --------------------------------[ jar ]---------------------------------
[INFO] 
[INFO] >>> spring-boot:4.0.5:run (default-cli) > test-compile @ clare-ceremonies-site >>>
[INFO] 
[INFO] --- resources:3.3.1:resources (default-resources) @ clare-ceremonies-site ---
[INFO] Copying 1 resource from src\main\resources to target\classes
[INFO] Copying 103 resources from src\main\resources to target\classes
[INFO] 
[INFO] --- compiler:3.14.1:compile (default-compile) @ clare-ceremonies-site ---
[INFO] Nothing to compile - all classes are up to date.
[INFO] 
[INFO] --- resources:3.3.1:testResources (default-testResources) @ clare-ceremonies-site ---
[INFO] Copying 1 resource from src\test\resources to target\test-classes
[INFO] 
[INFO] --- compiler:3.14.1:testCompile (default-testCompile) @ clare-ceremonies-site ---
[INFO] Nothing to compile - all classes are up to date.
[INFO] 
[INFO] <<< spring-boot:4.0.5:run (default-cli) < test-compile @ clare-ceremonies-site <<<
[INFO] 
[INFO] 
[INFO] --- spring-boot:4.0.5:run (default-cli) @ clare-ceremonies-site ---
[INFO] Attaching agents: []

  .   ____          _            __ _ _
 /\\ / ___'_ __ _ _(_)_ __  __ _ \ \ \ \
( ( )\___ | '_ | '_| | '_ \/ _` | \ \ \ \
 \\/  ___)| |_)| | | | | || (_| |  ) ) ) )
  '  |____| .__|_| |_|_| |_\__, | / / / /
 =========|_|==============|___/=/_/_/_/

 :: Spring Boot ::                (v4.0.5)

2026-06-07T16:28:32.071+01:00  INFO 13348 --- [clare-ceremonies-site] [           main] c.u.c.c.ClareCeremoniesSiteApplication   : Starting ClareCeremoniesSiteApplication using Java 21.0.11 with PID 13348 (G:\No OneDrive Work\My Website\Client Websites\Clares - Web\Website---Clare\target\classes started by jhuds in G:\No OneDrive Work\My Website\Client Websites\Clares - Web\Website---Clare)
2026-06-07T16:28:32.073+01:00  INFO 13348 --- [clare-ceremonies-site] [           main] c.u.c.c.ClareCeremoniesSiteApplication   : No active profile set, falling back to 1 default profile: "default"
2026-06-07T16:28:32.842+01:00  INFO 13348 --- [clare-ceremonies-site] [           main] o.s.boot.tomcat.TomcatWebServer          : Tomcat initialized with port 8081 (http)
2026-06-07T16:28:32.852+01:00  INFO 13348 --- [clare-ceremonies-site] [           main] o.apache.catalina.core.StandardService   : Starting service [Tomcat]
2026-06-07T16:28:32.852+01:00  INFO 13348 --- [clare-ceremonies-site] [           main] o.apache.catalina.core.StandardEngine    : Starting Servlet engine: [Apache Tomcat/11.0.20]
2026-06-07T16:28:32.920+01:00  INFO 13348 --- [clare-ceremonies-site] [           main] b.w.c.s.WebApplicationContextInitializer : Root WebApplicationContext: initialization completed in 806 ms
2026-06-07T16:28:33.627+01:00  INFO 13348 --- [clare-ceremonies-site] [           main] o.s.b.a.e.web.EndpointLinksResolver      : Exposing 1 endpoint beneath base path '/actuator'
2026-06-07T16:28:33.669+01:00  INFO 13348 --- [clare-ceremonies-site] [           main] o.s.boot.tomcat.TomcatWebServer          : Tomcat started on port 8081 (http) with context path '/'
2026-06-07T16:28:33.674+01:00  INFO 13348 --- [clare-ceremonies-site] [           main] c.u.c.c.ClareCeremoniesSiteApplication   : Started ClareCeremoniesSiteApplication in 1.927 seconds (process running for 2.285)
2026-06-07T16:28:36.770+01:00  INFO 13348 --- [clare-ceremonies-site] [nio-8081-exec-1] o.a.c.c.C.[Tomcat].[localhost].[/]       : Initializing Spring DispatcherServlet 'dispatcherServlet'
2026-06-07T16:28:36.772+01:00  INFO 13348 --- [clare-ceremonies-site] [nio-8081-exec-1] o.s.web.servlet.DispatcherServlet        : Initializing Servlet 'dispatcherServlet'
2026-06-07T16:28:36.773+01:00  INFO 13348 --- [clare-ceremonies-site] [nio-8081-exec-1] o.s.web.servlet.DispatcherServlet        : Completed initialization in 1 ms
