[INFO] Scanning for projects...
[INFO] 
[INFO] --------------< co.uk.clarebrunton:clare-ceremonies-site >--------------
[INFO] Building ClareCeremoniesSite 0.0.1-SNAPSHOT
[INFO]   from pom.xml
[INFO] --------------------------------[ jar ]---------------------------------
[INFO] 
[INFO] >>> spring-boot:4.0.5:run (default-cli) > test-compile @ clare-ceremonies-site >>>
[INFO] 
[INFO] --- resources:3.3.1:resources (default-resources) @ clare-ceremonies-site ---
[INFO] Copying 1 resource from src\main\resources to target\classes
[INFO] Copying 72 resources from src\main\resources to target\classes
[INFO] 
[INFO] --- compiler:3.14.1:compile (default-compile) @ clare-ceremonies-site ---
[INFO] Nothing to compile - all classes are up to date.
[INFO] 
[INFO] --- resources:3.3.1:testResources (default-testResources) @ clare-ceremonies-site ---
[INFO] skip non existing resourceDirectory C:\Offline Work\Client Work\Clare - Website\Websit---Clare\src\test\resources
[INFO] 
[INFO] --- compiler:3.14.1:testCompile (default-testCompile) @ clare-ceremonies-site ---
[INFO] Nothing to compile - all classes are up to date.
[INFO] 
[INFO] <<< spring-boot:4.0.5:run (default-cli) < test-compile @ clare-ceremonies-site <<<
[INFO] 
[INFO] 
[INFO] --- spring-boot:4.0.5:run (default-cli) @ clare-ceremonies-site ---
[INFO] Attaching agents: []

  .   ____          _            __ _ _
 /\\ / ___'_ __ _ _(_)_ __  __ _ \ \ \ \
( ( )\___ | '_ | '_| | '_ \/ _` | \ \ \ \
 \\/  ___)| |_)| | | | | || (_| |  ) ) ) )
  '  |____| .__|_| |_|_| |_\__, | / / / /
 =========|_|==============|___/=/_/_/_/

 :: Spring Boot ::                (v4.0.5)

2026-05-29T12:56:21.060+01:00  INFO 27364 --- [clare-ceremonies-site] [           main] c.u.c.c.ClareCeremoniesSiteApplication   : Starting ClareCeremoniesSiteApplication using Java 23.0.2 with PID 27364 (C:\Offline Work\Client Work\Clare - Website\Websit---Clare\target\classes started by James Hudson in C:\Offline Work\Client Work\Clare - Website\Websit---Clare)
2026-05-29T12:56:21.063+01:00  INFO 27364 --- [clare-ceremonies-site] [           main] c.u.c.c.ClareCeremoniesSiteApplication   : No active profile set, falling back to 1 default profile: "default"
2026-05-29T12:56:21.708+01:00  INFO 27364 --- [clare-ceremonies-site] [           main] o.s.boot.tomcat.TomcatWebServer          : Tomcat initialized with port 8080 (http)
2026-05-29T12:56:21.723+01:00  INFO 27364 --- [clare-ceremonies-site] [           main] o.apache.catalina.core.StandardService   : Starting service [Tomcat]
2026-05-29T12:56:21.724+01:00  INFO 27364 --- [clare-ceremonies-site] [           main] o.apache.catalina.core.StandardEngine    : Starting Servlet engine: [Apache Tomcat/11.0.20]
2026-05-29T12:56:21.773+01:00  INFO 27364 --- [clare-ceremonies-site] [           main] b.w.c.s.WebApplicationContextInitializer : Root WebApplicationContext: initialization completed in 648 ms
2026-05-29T12:56:22.221+01:00  INFO 27364 --- [clare-ceremonies-site] [           main] o.s.boot.tomcat.TomcatWebServer          : Tomcat started on port 8080 (http) with context path '/'
2026-05-29T12:56:22.230+01:00  INFO 27364 --- [clare-ceremonies-site] [           main] c.u.c.c.ClareCeremoniesSiteApplication   : Started ClareCeremoniesSiteApplication in 1.538 seconds (process running for 1.859)
2026-05-29T12:56:53.857+01:00  INFO 27364 --- [clare-ceremonies-site] [nio-8080-exec-1] o.a.c.c.C.[Tomcat].[localhost].[/]       : Initializing Spring DispatcherServlet 'dispatcherServlet'
2026-05-29T12:56:53.858+01:00  INFO 27364 --- [clare-ceremonies-site] [nio-8080-exec-1] o.s.web.servlet.DispatcherServlet        : Initializing Servlet 'dispatcherServlet'
2026-05-29T12:56:53.859+01:00  INFO 27364 --- [clare-ceremonies-site] [nio-8080-exec-1] o.s.web.servlet.DispatcherServlet        : Completed initialization in 1 ms
